// Bun Snapshot v1, https://bun.sh/docs/test/snapshots

exports[`CI equivalence audit (ADR 0029 s7, amended 2026-09-06 — LT-165 step 8) basic-button: the connect diff against the harness render is the recorded hydration boundary 1`] = `""`;

exports[`CI equivalence audit (ADR 0029 s7, amended 2026-09-06 — LT-165 step 8) basic-counter: the connect diff against the harness render is the recorded hydration boundary 1`] = `""`;

exports[`CI equivalence audit (ADR 0029 s7, amended 2026-09-06 — LT-165 step 8) basic-gauge: the connect diff against the harness render is the recorded hydration boundary 1`] = `
"@101 (-6/+5)  P1: …ic-gauge-color: var(--color-primary); --basic-gauge-degree: NaNdeg"><p id="basic-gauge-label">Value:</p><meter aria-labelledby…
          P2: …ic-gauge-color: var(--color-primary); --basic-gauge-degree: 0deg;"><p id="basic-gauge-label">Value:</p><meter aria-labelledby…
@211 (-0/+10)  P1: … aria-labelledby="basic-gauge-label" class="visually-hidden"></meter><basic-number lang="en" options="{&quot;style&quot;…
          P2: … aria-labelledby="basic-gauge-label" class="visually-hidden" value="0"></meter><basic-number lang="en" options="{&quot;style&quot;…
@330 (-0/+2)  P1: …;:&quot;percent&quot;,&quot;maximumFractionDigits&quot;:1}"></basic-number><small class="label"></small></basic-gauge>…
          P2: …;:&quot;percent&quot;,&quot;maximumFractionDigits&quot;:1}">0%</basic-number><small class="label"></small></basic-gauge>…"
`;

exports[`CI equivalence audit (ADR 0029 s7, amended 2026-09-06 — LT-165 step 8) basic-hello: the connect diff against the harness render is the recorded hydration boundary 1`] = `
"@176 (-28/+33)  P1: …" autocomplete="given-name"><p>Hello, <output for="subject"></output>!</p></basic-hello>…
          P2: …" autocomplete="given-name"><p>Hello, <output for="subject">World</output>!</p></basic-hello>…"
`;

exports[`CI equivalence audit (ADR 0029 s7, amended 2026-09-06 — LT-165 step 8) basic-number: the connect diff against the harness render is the recorded hydration boundary 1`] = `
"@37 (-15/+16)  P1: …<basic-number lang="en" options="{}"></basic-number>…
          P2: …<basic-number lang="en" options="{}">0</basic-number>…"
`;

exports[`CI equivalence audit (ADR 0029 s7, amended 2026-09-06 — LT-165 step 8) basic-pluralize: the connect diff against the harness render is the recorded hydration boundary 1`] = `
"@46 (-0/+3)  P1: …<basic-pluralize count="1" lang="en"><p hidden class="none">Well done, all done!</p><p class="some"><span …
          P2: …<basic-pluralize count="1" lang="en"><p hidden="" class="none">Well done, all done!</p><p class="some"><span …
@120 (-0/+1)  P1: …Well done, all done!</p><p class="some"><span class="count"></span><span class="tasks">task</span>remaining</p></basic-p…
          P2: …Well done, all done!</p><p class="some"><span class="count">1</span><span class="tasks">task</span>remaining</p></basic-p…"
`;

exports[`CI equivalence audit (ADR 0029 s7, amended 2026-09-06 — LT-165 step 8) card-blogpost: the connect diff against the harness render is the recorded hydration boundary 1`] = `
"@24 (-0/+3)  P1: …<card-blogpost itemscope itemtype="https://schema.org/BlogPosting">An excerpt from t…
          P2: …<card-blogpost itemscope="" itemtype="https://schema.org/BlogPosting">An excerpt from t…"
`;

exports[`CI equivalence audit (ADR 0029 s7, amended 2026-09-06 — LT-165 step 8) card-callout: the connect diff against the harness render is the recorded hydration boundary 1`] = `""`;

exports[`CI equivalence audit (ADR 0029 s7, amended 2026-09-06 — LT-165 step 8) card-collapsible: the connect diff against the harness render is the recorded hydration boundary 1`] = `""`;

exports[`CI equivalence audit (ADR 0029 s7, amended 2026-09-06 — LT-165 step 8) card-colorscale: the connect diff against the harness render is the recorded hydration boundary 1`] = `
"@16 (-0/+871)  P1: …<card-colorscale><ol role="presentation"><li class="lighten80"></li><li clas…
          P2: …<card-colorscale style="--card-colorscale-color-base: oklch(0.48 0.23 263); --card-colorscale-color-text: white; --card-colorscale-color-text-soft: oklch(0.8926438595426237 0.04589320276610701 263); --card-colorscale-color-lighten80: oklch(0.8926438595426237 0.04589320276610701 263); --card-colorscale-color-lighten60: oklch(0.7869926511701453 0.10632794783213595 263); --card-colorscale-color-lighten40: oklch(0.6830192987097268 0.16754864985132364 263); --card-colorscale-color-lighten20: oklch(0.5806971559875569 0.21314164377501826 263); --card-colorscale-color-darken20: oklch(0.3809020241931911 0.21314164377501818 263); --card-colorscale-color-darken40: oklch(0.28337783184936427 0.16754864985132353 263); --card-colorscale-color-darken60: oklch(0.18740242957820924 0.10632794783213595 263); --card-colorscale-color-darken80: oklch(0.09295122091159086 0.045893202766106936 263);"><ol role="presentation"><li class="lighten80"></li><li clas…
@210 (-0/+7)  P1: …li class="base"><span class="label"><strong></strong><small></small></span></li><li class="darken20"></li><li class="dar…
          P2: …li class="base"><span class="label"><strong></strong><small>#0849dc</small></span></li><li class="darken20"></li><li class="dar…"
`;

exports[`CI equivalence audit (ADR 0029 s7, amended 2026-09-06 — LT-165 step 8) card-mediaqueries: the connect diff against the harness render is the recorded hydration boundary 1`] = `""`;

exports[`CI equivalence audit (ADR 0029 s7, amended 2026-09-06 — LT-165 step 8) form-checkbox: the connect diff against the harness render is the recorded hydration boundary 1`] = `""`;

exports[`CI equivalence audit (ADR 0029 s7, amended 2026-09-06 — LT-165 step 8) form-inplace-edit: the connect diff against the harness render is the recorded hydration boundary 1`] = `
"@65 (-0/+3)  P1: …-inplace-edit value=""><span class="text"></span><div hidden class="edit"><form-textbox name="" value=""><label for="-in…
          P2: …-inplace-edit value=""><span class="text"></span><div hidden="" class="edit"><form-textbox name="" value=""><label for="-in…"
`;

exports[`CI equivalence audit (ADR 0029 s7, amended 2026-09-06 — LT-165 step 8) form-radiogroup: the connect diff against the harness render is the recorded hydration boundary 1`] = `
"@97 (-29/+59)  P1: …"a"><fieldset><legend>Pick one</legend><label data-value="a"><input type="radio" value="a"><span>A</span></label><label data-value="b"><input type="r…
          P2: …"a"><fieldset><legend>Pick one</legend><label data-value="a" class="selected"><input type="radio" value="a" tabindex="0"><span>A</span></label><label data-value="b"><input type="r…
@201 (-0/+14)  P1: …></label><label data-value="b"><input type="radio" value="b"><span>B</span></label></fieldset></form-radiogroup>…
          P2: …></label><label data-value="b"><input type="radio" value="b" tabindex="-1"><span>B</span></label></fieldset></form-radiogroup>…"
`;

exports[`CI equivalence audit (ADR 0029 s7, amended 2026-09-06 — LT-165 step 8) form-textbox: the connect diff against the harness render is the recorded hydration boundary 1`] = `""`;

exports[`CI equivalence audit (ADR 0029 s7, amended 2026-09-06 — LT-165 step 8) form-tokenbox: the connect diff against the harness render is the recorded hydration boundary 1`] = `
"@91 (-0/+3)  P1: …e=""><label for="tags-input">Tags</label><div data-container class="input"><input type="text" id="tags-input" data-unrec…
          P2: …e=""><label for="tags-input">Tags</label><div data-container="" class="input"><input type="text" id="tags-input" data-unrec…
@158 (-0/+3)  P1: …"input"><input type="text" id="tags-input" data-unreconciled></div><template data-list="0"><span class="token" data-key>…
          P2: …"input"><input type="text" id="tags-input" data-unreconciled=""></div><template data-list="0"><span class="token" data-key=…
@217 (-0/+3)  P1: …d></div><template data-list="0"><span class="token" data-key><span class="token-label"><slot></slot></span><button type=…
          P2: …"></div><template data-list="0"><span class="token" data-key=""><span class="token-label"><slot></slot></span><button type=…"
`;

exports[`CI equivalence audit (ADR 0029 s7, amended 2026-09-06 — LT-165 step 8) module-list: the connect diff against the harness render is the recorded hydration boundary 1`] = `
"@252 (-0/+3)  P1: …="off"><button type="button" aria-label="Clear input" hidden class="clear">✕</button></div></form-textbox><basic-button …
          P2: …="off"><button type="button" aria-label="Clear input" hidden="" class="clear">✕</button></div></form-textbox><basic-button …
@369 (-0/+12)  P1: …on class="submit"><button type="submit" class="constructive">Add</button></basic-button></form><ul data-container></ul><…
          P2: …on class="submit"><button type="submit" class="constructive" disabled="">Add</button></basic-button></form><ul data-container=""></u…
@422 (-0/+3)  P1: …uctive">Add</button></basic-button></form><ul data-container></ul><template data-list="0"><li><span><slot></slot></span>…
          P2: …bled="">Add</button></basic-button></form><ul data-container=""></ul><template data-list="0"><li><span><slot></slot></span>…"
`;

exports[`CI equivalence audit (ADR 0029 s7, amended 2026-09-06 — LT-165 step 8) module-tabgroup: the connect diff against the harness render is the recorded hydration boundary 1`] = `
"@448 (-31/+34)  P1: …"tabpanel" id="paneltwo" aria-labelledby="triggertwo" hidden>Second</div></module-tabgroup>…
          P2: …"tabpanel" id="paneltwo" aria-labelledby="triggertwo" hidden="">Second</div></module-tabgroup>…"
`;

exports[`CI equivalence audit (ADR 0029 s7, amended 2026-09-06 — LT-165 step 8) basic-blogmeta: the connect diff against the harness render is the recorded hydration boundary 1`] = `
"@59 (-0/+3)  P1: …<basic-blogmeta lang="en"><span itemprop="author" itemscope itemtype="https://schema.org/Person" class="author"><img sr…
          P2: …<basic-blogmeta lang="en"><span itemprop="author" itemscope="" itemtype="https://schema.org/Person" class="author"><img sr…"
`;

exports[`CI equivalence audit (ADR 0029 s7, amended 2026-09-06 — LT-165 step 8) context-media: the connect diff against the harness render is the recorded hydration boundary 1`] = `""`;

exports[`CI equivalence audit (ADR 0029 s7, amended 2026-09-06 — LT-165 step 8) module-catalog: the connect diff against the harness render is the recorded hydration boundary 1`] = `
"@104 (-0/+3)  P1: …tton><button type="button" class="secondary medium" disabled><span class="label">🛒 Shopping Cart</span><span class="bad…
          P2: …tton><button type="button" class="secondary medium" disabled=""><span class="label">🛒 Shopping Cart</span><span class="bad…
@320 (-1/+1)  P1: …ton name="product-1" value="0" min="0" max="10" step="1" bigStep="10" data-product="product-1"><fieldset><div class="inpu…
          P2: …ton name="product-1" value="0" min="0" max="10" step="1" bigstep="10" data-product="product-1"><fieldset><div class="inpu…
@446 (-0/+12)  P1: …utton type="button" aria-label="Decrement" class="decrement">−</button><input id="product-1-input" type="number" step="1…
          P2: …utton type="button" aria-label="Decrement" class="decrement" disabled="">−</button><input id="product-1-input" type="number" step="1…
@521 (-0/+17)  P1: …ut id="product-1-input" type="number" step="1" class="value"><button type="button" class="increment">+</button></div></f…
          P2: …ut id="product-1-input" type="number" step="1" class="value" min="0" max="10"><button type="button" class="increment" aria-label="Increme…
@561 (-0/+23)  P1: …ep="1" class="value"><button type="button" class="increment">+</button></div></fieldset><p role="alert" aria-live="asser…
          P2: …ue" min="0" max="10"><button type="button" class="increment" aria-label="Increment">+</button></div></fieldset><p role="alert" aria-live="asser…
@790 (-1/+1)  P1: …tton name="product-2" value="0" min="0" max="5" step="1" bigStep="10" data-product="product-2"><fieldset><div class="inpu…
          P2: …tton name="product-2" value="0" min="0" max="5" step="1" bigstep="10" data-product="product-2"><fieldset><div class="inpu…
@916 (-0/+12)  P1: …utton type="button" aria-label="Decrement" class="decrement">−</button><input id="product-2-input" type="number" step="1…
          P2: …utton type="button" aria-label="Decrement" class="decrement" disabled="">−</button><input id="product-2-input" type="number" step="1…
@991 (-0/+16)  P1: …ut id="product-2-input" type="number" step="1" class="value"><button type="button" class="increment">+</button></div></f…
          P2: …ut id="product-2-input" type="number" step="1" class="value" min="0" max="5"><button type="button" class="increment" aria-label="Increme…
@1031 (-0/+23)  P1: …ep="1" class="value"><button type="button" class="increment">+</button></div></fieldset><p role="alert" aria-live="asser…
          P2: …lue" min="0" max="5"><button type="button" class="increment" aria-label="Increment">+</button></div></fieldset><p role="alert" aria-live="asser…"
`;

exports[`CI equivalence audit (ADR 0029 s7, amended 2026-09-06 — LT-165 step 8) module-codeblock: the connect diff against the harness render is the recorded hydration boundary 1`] = `
"@47 (-0/+3)  P1: …<module-codeblock id="codeblock-demo" collapsed language="ts"><p class="meta"><span class="file">demo.ts</s…
          P2: …<module-codeblock id="codeblock-demo" collapsed="" language="ts"><p class="meta"><span class="file">demo.ts</s…"
`;

exports[`CI equivalence audit (ADR 0029 s7, amended 2026-09-06 — LT-165 step 8) module-colorinfo: the connect diff against the harness render is the recorded hydration boundary 1`] = `
"@165 (-0/+3)  P1: …; --module-colorinfo-color-fallback: #0849dc;"><details open><summary><div class="summary"><span class="swatch"></span><…
          P2: …; --module-colorinfo-color-fallback: #0849dc;"><details open=""><summary><div class="summary"><span class="swatch"></span><…
@511 (-0/+3)  P1: …ot;,&quot;maximumFractionDigits&quot;:2}" class="lightness"></basic-number></dd><dt>Chroma:</dt><dd><basic-number value=…
          P2: …ot;,&quot;maximumFractionDigits&quot;:2}" class="lightness">48%</basic-number></dd><dt>Chroma:</dt><dd><basic-number value=…
@651 (-0/+4)  P1: …ions="{&quot;maximumFractionDigits&quot;:4}" class="chroma"></basic-number></dd><dt>Hue:</dt><dd><basic-number value="26…
          P2: …ions="{&quot;maximumFractionDigits&quot;:4}" class="chroma">0.23</basic-number></dd><dt>Hue:</dt><dd><basic-number value="26…
@784 (-0/+3)  P1: …options="{&quot;maximumFractionDigits&quot;:2}" class="hue"></basic-number></dd></dl><dl><dt>OKLCH:</dt><dd lang="en">ok…
          P2: …options="{&quot;maximumFractionDigits&quot;:2}" class="hue">263</basic-number></dd></dl><dl><dt>OKLCH:</dt><dd lang="en">ok…
@951 (-0/+4)  P1: …s="{&quot;maximumFractionDigits&quot;:4}" class="lightness"></basic-number> <basic-number value="0.23" lang="en" options…
          P2: …s="{&quot;maximumFractionDigits&quot;:4}" class="lightness">0.48</basic-number> <basic-number value="0.23" lang="en" options…
@1067 (-0/+4)  P1: …ions="{&quot;maximumFractionDigits&quot;:4}" class="chroma"></basic-number> <basic-number value="263" lang="en" options=…
          P2: …ions="{&quot;maximumFractionDigits&quot;:4}" class="chroma">0.23</basic-number> <basic-number value="263" lang="en" options=…
@1179 (-0/+3)  P1: …options="{&quot;maximumFractionDigits&quot;:2}" class="hue"></basic-number>)</dd><dt>RGB:</dt><dd class="rgb">rgb(8, 73,…
          P2: …options="{&quot;maximumFractionDigits&quot;:2}" class="hue">263</basic-number>)</dd><dt>RGB:</dt><dd class="rgb">rgb(8, 73,…"
`;

exports[`CI equivalence audit (ADR 0029 s7, amended 2026-09-06 — LT-165 step 8) module-dialog: the connect diff against the harness render is the recorded hydration boundary 1`] = `""`;

exports[`CI equivalence audit (ADR 0029 s7, amended 2026-09-06 — LT-165 step 8) module-pagination: the connect diff against the harness render is the recorded hydration boundary 1`] = `
"@311 (-0/+3)  P1: …an></div><div class="buttons"><button type="button" disabled aria-label="Previous page" class="prev">❮</button><button t…
          P2: …an></div><div class="buttons"><button type="button" disabled="" aria-label="Previous page" class="prev">❮</button><button t…"
`;

exports[`CI equivalence audit (ADR 0029 s7, amended 2026-09-06 — LT-165 step 8) module-scrollarea: the connect diff against the harness render is the recorded hydration boundary 1`] = `""`;

exports[`CI equivalence audit (ADR 0029 s7, amended 2026-09-06 — LT-165 step 8) module-splitview: the connect diff against the harness render is the recorded hydration boundary 1`] = `""`;

exports[`CI equivalence audit (ADR 0029 s7, amended 2026-09-06 — LT-165 step 8) css-probe: the connect diff against the harness render is the recorded hydration boundary 1`] = `""`;

exports[`CI equivalence audit (ADR 0029 s7, amended 2026-09-06 — LT-165 step 8) test-listitem: the connect diff against the harness render is the recorded hydration boundary 1`] = `""`;

exports[`CI equivalence audit (ADR 0029 s7, amended 2026-09-06 — LT-165 step 8) test-listitem-tsx: the connect diff against the harness render is the recorded hydration boundary 1`] = `""`;
